mktemp -d
cd /tmp/fake-tmp-dir
command osc -A https://bs.example.com/ co fu:bar/superpac
wget -qO superpac-12.34.tar.gz https://dist.example.com/v12.34
type bsu_tarball_hook
test -f fu:bar/superpac/superpac-12.34.tar.gz
test 0 -eq 0
test -f fu:bar/superpac/superpac-*.tar.gz
mv superpac-12.34.tar.gz fu:bar/superpac
test 0 -eq 0
command osc -A https://bs.example.com/ add fu:bar/superpac/superpac-12.34.tar.gz
cd fu:bar/superpac
type bsu_specfile_hook
bsu_specfile_hook 12.34 v12.34 superpac-12.34.tar.gz pkg.spec PKGBUILD
cp pkg.spec.in pkg.spec
sed -ri "/^[ \t]*#/!s/__VERSION__/12.34/" pkg.spec
command osc -A https://bs.example.com/ st pkg.spec
cp PKGBUILD.in PKGBUILD
sed -ri "/^[ \t]*#/!s/__VERSION__/12.34/" PKGBUILD
command osc -A https://bs.example.com/ st PKGBUILD
test 0 -ne 1
test 1 -eq 1
command osc -A https://bs.example.com/ ci -m "Update to version 12.34"
rm -rf /tmp/fake-tmp-dir
