bs-update: no project specified
bs-update: Usage: bs-update {-h|[options] <tag>}
bs-update: Use "bs-update -h" to see the full option listing.
