test 1 -lt 1
test 1 -gt 1
type bsu_version_hook
test -z ""
