mktemp -d
cd /tmp/fake-tmp-dir
command osc -A https://bs.example.com/ co fu:bar/superpac
wget -qO superpac-12.34.tar.gz https://dist.example.com/v12.34
type bsu_tarball_hook
test -f fu:bar/superpac/superpac-12.34.tar.gz
test 0 -eq 0
test -f fu:bar/superpac/superpac-*.tar.gz
mv superpac-12.34.tar.gz fu:bar/superpac
test 0 -eq 0
command osc -A https://bs.example.com/ add fu:bar/superpac/superpac-12.34.tar.gz
cd fu:bar/superpac
type bsu_specfile_hook
bsu_specfile_hook 12.34 v12.34 superpac-12.34.tar.gz pkg.spec PKGBUILD
rm -rf /tmp/fake-tmp-dir
