bs-update: option -B requires an argument
bs-update: Usage: bs-update {-h|[options] <tag> [<version>]}
bs-update: Use "bs-update -h" to see the full option listing.
