Usage: bs-update.in {-h|[options] <tag>}
Use "bs-update.in -h" to see the full option listing.
