test 1 -lt 1
test https://bs.example.com/ != ""
test https://bs.example.com/ != https://bs.example.com/
test fu:bar != ""
test fu:bar != fu:bar
test -n fu:bar
test superpac != ""
test superpac != superpac
test -n superpac
test -n superpac-12.34.tar.gz
test https://dist.example.com/$bsu_tag != ""
test https://dist.example.com/v12.34 != https://dist.example.com/$bsu_tag
test https://dist.example.com/v12.34 != https://dist.example.com/v12.34
test -n https://dist.example.com/v12.34
test "Update to version 12.34" != ""
test "Update to version 12.34" != "Update to version 12.34"
test superpac.spec != ""
test superpac.spec != superpac.spec
test 0 -ne 0
mktemp -d
cd /tmp/fake-tmp-dir
command osc -A https://bs.example.com/ co fu:bar/superpac
wget -qO superpac-12.34.tar.gz https://dist.example.com/v12.34
mkdir superpac-12.34
tar -xzf superpac-12.34.tar.gz --strip-components=1 -C superpac-12.34
type bsu_tarball_hook
tar -czf superpac-12.34.tar.gz superpac-12.34
rm -rf superpac-12.34
test -f fu:bar/superpac/superpac-12.34.tar.gz
test 0 -eq 0
test -f fu:bar/superpac/superpac-*.tar.gz
mv superpac-12.34.tar.gz fu:bar/superpac
test 0 -eq 0
command osc -A https://bs.example.com/ add fu:bar/superpac/superpac-12.34.tar.gz
cd fu:bar/superpac
tar -xzf superpac-12.34.tar.gz --strip-components=1 superpac-12.34/superpac.spec.in
cp superpac.spec.in superpac.spec
sed -ri /^Version:/s/__VERSION__/12.34/ superpac.spec
rm -rf /tmp/fake-tmp-dir
