mktemp -d
cd /tmp/fake-tmp-dir
command osc -A obs co prj/pkg
wget -qO pkg-12.34.tar.gz https://get.it/
type bsu_tarball_hook
test -f prj/pkg/pkg-12.34.tar.gz
test 0 -eq 0
test -f prj/pkg/pkg-*.tar.gz
mv pkg-12.34.tar.gz prj/pkg
test 0 -eq 0
command osc -A obs add prj/pkg/pkg-12.34.tar.gz
cd prj/pkg
type bsu_specfile_hook
tar -xzf pkg-12.34.tar.gz --strip-components=1 pkg-12.34/pkg.spec.in
cp pkg.spec.in pkg.spec
sed -ri "/^[ \t]*#/!s/__VERSION__/12.34/" pkg.spec
command osc -A obs st pkg.spec
test 1 -ne 1
command osc -A obs build Arch_Extra x86_64 PKGBUILD
test 1 -eq 1
command osc -A obs ci -m "Update to version 12.34"
rm -rf /tmp/fake-tmp-dir
