FAIL test

--- test/exit.expected
+++ test/exit.actual
@@ -0,0 +1 @@
+0
--- test/stray.expected
+++ test/stray.actual
@@ -0,0 +1 @@
+surprise

