mktemp -d
cd /tmp/fake-tmp-dir
command osc -A https://bs.example.com/ co fu:bar/snafu
git archive --format tar.gz --prefix snafu-12.34/ --output snafu-12.34.tar.gz --remote file:///path/to/checkout v12.34
rm -rf /tmp/fake-tmp-dir
