good: -e foof
good: -e food
good: -e foof
good: -e food
good: -f foof
FAIL: -f food
FAIL: -d foof
good: -d food
FAIL: !e foof
FAIL: !e food
FAIL: !f foof
good: !f food
good: !d foof
FAIL: !d food
FAIL: -e barf
FAIL: -e barf
FAIL: -f barf
FAIL: -d barf
good: !e barf
good: !f barf
good: !d barf
