good: -f test/exit.actual
good: -f test/err.actual
good: -f test/out.actual
good: -f test/exit.diff
good: -f test/err.diff
good: -f test/out.diff
