   bsu_bs_apiurl = "https://mybs/"
  bsu_bs_project = "a:b"
  bsu_bs_package = "c"
    bsu_dloadurl = "ftp://upstream/"
         bsu_tag = "v42.69"
     bsu_version = "42.69"
   bsu_commitmsg = "eloquent wax"
     bsu_tarball = "c-42.69.tar.gz"
        specfile = "c.spec"
