bs-update: Usage: bs-update {-h|[options] <tag>}
  Options:
    -h                Display this message
    -A BSAPI          Use Build Service at BSAPI (URL or alias)
    -p PROJECT        Update Build Service package of PROJECT
