bs-update: root=/tmp/fake-tmp-dir
stdout from bsu_tarball_hook
