mktemp -d
cd /tmp/fake-tmp-dir
command osc -A https://bs.example.com/ co fu:bar/superpac
wget -qO superpac-12.34.tar.gz https://dist.example.com/v12.34
type bsu_tarball_hook
bsu_tarball_hook superpac-12.34.tar.gz
test -f fu:bar/superpac/superpac-12.34.tar.gz
test 0 -eq 0
test -f fu:bar/superpac/superpac-*.tar.gz
mv superpac-12.34.tar.gz fu:bar/superpac
test 0 -eq 0
command osc -A https://bs.example.com/ add fu:bar/superpac/superpac-12.34.tar.gz
cd fu:bar/superpac
type bsu_specfile_hook
tar -xzf superpac-12.34.tar.gz --strip-components=1 superpac-12.34/superpac.spec.in
cp superpac.spec.in superpac.spec
sed -ri "/^[ \t]*#/!s/__VERSION__/12.34/" superpac.spec
command osc -A https://bs.example.com/ st superpac.spec
test 0 -ne 1
test 1 -eq 1
command osc -A https://bs.example.com/ ci -m "Update to version 12.34"
rm -rf /tmp/fake-tmp-dir
