mktemp -d
cd /tmp/fake-tmp-dir
command osc -A https://bs.example.com/ co fu:bar/superpac
wget -qO superpac-12.34.tar.gz https://dist.example.com/v12.34
type bsu_tarball_hook
test -f fu:bar/superpac/superpac-12.34.tar.gz
test 0 -eq 0
test -f fu:bar/superpac/superpac-*.tar.gz
command osc -A https://bs.example.com/ rm fu:bar/superpac/superpac-*.tar.gz
rm -rf /tmp/fake-tmp-dir
