test 1 -lt 1
test https://bs.example.com/ != ""
test https://bs.example.com/ != https://bs.example.com/
test fu:bar != ""
test fu:bar != fu:bar
test https://dist.example.com/$bsu_tag != ""
test https://dist.example.com/v12.34 != https://dist.example.com/$bsu_tag
test https://dist.example.com/v12.34 != https://dist.example.com/v12.34
test "Update to version 12.34" != ""
test "Update to version 12.34" != "Update to version 12.34"
test -n superpac
test -n fu:bar
test -n https://dist.example.com/v12.34
test -n superpac-12.34.tar.gz
test superpac.spec != ""
test superpac.spec != superpac.spec
test 0 -ne 0
mktemp -d
cd /tmp/fake-tmp-dir
command osc -A https://bs.example.com/ co fu:bar/superpac
rm -rf /tmp/fake-tmp-dir
